last vid: 31 scheduling length: 1727
epc : 0 eic:32
Schedule is correct.
Correct Schedule. Clustering result
##### Schedule by FCP ####
Number of Processors used  5
pid =   0 vertices={ 0   5   10   15   22   23 } 
pid =   1 vertices={ 2   7   13   18   20   25   29 } 
pid =   2 vertices={ 1   6   11   16   21   27   31 } 
pid =   3 vertices={ 4   8   12   17   24   28 } 
pid =   4 vertices={ 3   9   14   19   26   30 } 
