Schedule is correct.
Errased 3 empty tasksets.
Correct Schedule. Clustering result
##### Schedule by FLB ####
Number of Processors used  2
pid =   0 vertices={ 0   2   4   5   7   9   11   13   15   17   19   21   22   24   25   26   27   28   29   30   31 } 
pid =   1 vertices={ 1   3   6   8   10   12   14   16   18   20   23 } 
