Schedule is correct.
Correct Schedule. Clustering result
##### Schedule by CPM ####
Number of Processors used  9
pid =   0 vertices={ 1   23 } 
pid =   1 vertices={ 0   17   19   26   30   31 } 
pid =   2 vertices={ 3   27   28   29 } 
pid =   3 vertices={ 2   9   25 } 
pid =   4 vertices={ 4   5   7   22   24 } 
pid =   5 vertices={ 6   8   18   20 } 
pid =   6 vertices={ 10   16 } 
pid =   7 vertices={ 12   14   21 } 
pid =   8 vertices={ 11   13   15 } 
